// Jest Snapshot v1, https://goo.gl/fbAQLP

exports[`Home component snapshot renders 1`] = `
<div
  className="main"
>
  <p
    className="intro"
    dangerouslySetInnerHTML={
      Object {
        "__html": "body",
      }
    }
  />
  <div
    className="contain"
  >
    <div
      className="card"
    >
      <div
        className="card-content"
      >
        <span>
          <p
            className="title"
          >
            title section
          </p>
        </span>
        <span>
          <p>
            summary section
          </p>
        </span>
        <a
          href="#"
          onClick={[Function]}
        >
          <img
            alt="title section"
            src="http://gtest.dev.wwbtc.comimage sectio"
          />
        </a>
      </div>
    </div>
    <div
      className="card"
    >
      <div
        className="card-content"
      >
        <span>
          <p
            className="title"
          >
            title section
          </p>
        </span>
        <span>
          <p>
            summary section
          </p>
        </span>
        <a
          href="#"
          onClick={[Function]}
        >
          <img
            alt="title section"
            src="http://gtest.dev.wwbtc.comimage sectio"
          />
        </a>
      </div>
    </div>
  </div>
</div>
`;
