// Jest Snapshot v1, https://goo.gl/fbAQLP

exports[`Recipe component snapshot renders 1`] = `
<div
  className="recipe"
>
  <div
    className="rec-top"
  >
    <div
      className="recipe-title"
    >
      title section
    </div>
    <img
      className="rounded mx-auto d-block"
      src="http://gtest.dev.wwbtc.comimage section"
      style={
        Object {
          "width": "80%",
        }
      }
    />
  </div>
  <div
    className="buttons"
  >
    <a
      className="prev"
      onClick={[Function]}
    >
      ❮
    </a>
    <a
      className="next"
      onClick={[Function]}
    >
      ❯
    </a>
  </div>
  <div
    className="rec-detail"
  >
    <p
      dangerouslySetInnerHTML={
        Object {
          "__html": "this is a body",
        }
      }
    />
  </div>
  <div
    className="rec-ing"
  >
    <p>
      What you will need to make the dish
    </p>
    <li>
      1 2 3 4
    </li>
  </div>
</div>
`;
